// Jest Snapshot v1, https://goo.gl/fbAQLP

exports[`<UserData/> matches snapshot 1`] = `
<p>
  loading...
</p>
`;
